{
  "looks": [
    {
      "language": "Ruby",
      "name": "One",
      "username": "bob",
      "path": "/bob/ux-c"
    },
    {
      "language": "Go",
      "name": "Two",
      "username": "bob",
      "path": "/bob/ux-b"
    },
    {
      "language": "Go",
      "name": "One",
      "username": "bob",
      "path": "/bob/ux-a"
    }
  ]
}
