{
  "go": [
    "two"
  ],
  "ruby": [
    "one",
    "two"
  ]
}
