{
	"ruby" => [{"date"=>"2013-12-01", "count"=>2}, {"date"=>"2013-12-02", "count"=>0}, {"date"=>"2013-12-03", "count"=>0}, {"date"=>"2013-12-04", "count"=>0}, {"date"=>"2013-12-05", "count"=>0}, {"date"=>"2013-12-06", "count"=>0}, {"date"=>"2013-12-07", "count"=>0}, {"date"=>"2013-12-08", "count"=>0}, {"date"=>"2013-12-09", "count"=>0}, {"date"=>"2013-12-10", "count"=>0}, {"date"=>"2013-12-11", "count"=>0}, {"date"=>"2013-12-12", "count"=>0}, {"date"=>"2013-12-13", "count"=>0}, {"date"=>"2013-12-14", "count"=>0}, {"date"=>"2013-12-15", "count"=>0}, {"date"=>"2013-12-16", "count"=>0}, {"date"=>"2013-12-17", "count"=>0}, {"date"=>"2013-12-18", "count"=>0}, {"date"=>"2013-12-19", "count"=>0}, {"date"=>"2013-12-20", "count"=>0}, {"date"=>"2013-12-21", "count"=>0}, {"date"=>"2013-12-22", "count"=>0}, {"date"=>"2013-12-23", "count"=>0}, {"date"=>"2013-12-24", "count"=>0}, {"date"=>"2013-12-25", "count"=>0}, {"date"=>"2013-12-26", "count"=>0}, {"date"=>"2013-12-27", "count"=>0}, {"date"=>"2013-12-28", "count"=>0}, {"date"=>"2013-12-29", "count"=>0}, {"date"=>"2013-12-30", "count"=>0}, {"date"=>"2013-12-31", "count"=>1}]
	"python" => [{"date"=>"2013-12-01", "count"=>0}, {"date"=>"2013-12-02", "count"=>0}, {"date"=>"2013-12-03", "count"=>0}, {"date"=>"2013-12-04", "count"=>0}, {"date"=>"2013-12-05", "count"=>0}, {"date"=>"2013-12-06", "count"=>0}, {"date"=>"2013-12-07", "count"=>0}, {"date"=>"2013-12-08", "count"=>0}, {"date"=>"2013-12-09", "count"=>0}, {"date"=>"2013-12-10", "count"=>0}, {"date"=>"2013-12-11", "count"=>1}, {"date"=>"2013-12-12", "count"=>0}, {"date"=>"2013-12-13", "count"=>0}, {"date"=>"2013-12-14", "count"=>0}, {"date"=>"2013-12-15", "count"=>0}, {"date"=>"2013-12-16", "count"=>0}, {"date"=>"2013-12-17", "count"=>0}, {"date"=>"2013-12-18", "count"=>0}, {"date"=>"2013-12-19", "count"=>0}, {"date"=>"2013-12-20", "count"=>0}, {"date"=>"2013-12-21", "count"=>0}, {"date"=>"2013-12-22", "count"=>0}, {"date"=>"2013-12-23", "count"=>0}, {"date"=>"2013-12-24", "count"=>0}, {"date"=>"2013-12-25", "count"=>0}, {"date"=>"2013-12-26", "count"=>0}, {"date"=>"2013-12-27", "count"=>0}, {"date"=>"2013-12-28", "count"=>0}, {"date"=>"2013-12-29", "count"=>0}, {"date"=>"2013-12-30", "count"=>0}, {"date"=>"2013-12-31", "count"=>0}]
	"go" => [{"date"=>"2013-12-01", "count"=>0}, {"date"=>"2013-12-02", "count"=>0}, {"date"=>"2013-12-03", "count"=>0}, {"date"=>"2013-12-04", "count"=>0}, {"date"=>"2013-12-05", "count"=>0}, {"date"=>"2013-12-06", "count"=>0}, {"date"=>"2013-12-07", "count"=>0}, {"date"=>"2013-12-08", "count"=>0}, {"date"=>"2013-12-09", "count"=>0}, {"date"=>"2013-12-10", "count"=>0}, {"date"=>"2013-12-11", "count"=>0}, {"date"=>"2013-12-12", "count"=>0}, {"date"=>"2013-12-13", "count"=>0}, {"date"=>"2013-12-14", "count"=>0}, {"date"=>"2013-12-15", "count"=>0}, {"date"=>"2013-12-16", "count"=>0}, {"date"=>"2013-12-17", "count"=>0}, {"date"=>"2013-12-18", "count"=>0}, {"date"=>"2013-12-19", "count"=>0}, {"date"=>"2013-12-20", "count"=>0}, {"date"=>"2013-12-21", "count"=>0}, {"date"=>"2013-12-22", "count"=>0}, {"date"=>"2013-12-23", "count"=>0}, {"date"=>"2013-12-24", "count"=>0}, {"date"=>"2013-12-25", "count"=>0}, {"date"=>"2013-12-26", "count"=>0}, {"date"=>"2013-12-27", "count"=>0}, {"date"=>"2013-12-28", "count"=>0}, {"date"=>"2013-12-29", "count"=>0}, {"date"=>"2013-12-30", "count"=>0}, {"date"=>"2013-12-31", "count"=>0}]
}