{
  "assignments": [
    {
      "track": "ruby",
      "slug": "one",
      "readme": "# One\n\nThis is one.\n\n* one\n* one again\n\nSetup help.\n\n## Source\n\nThe internet. [view source](http://example.com)\n",
      "test_file": "one_test.rb",
      "tests": "require 'minitest/autorun'\nrequire_relative 'example'\nclass OneTest < Minitest::Test\n  def test_one\n    assert_equal 1, One.value\n  end\nend\n",
      "files": {
        "Fakefile": "Autorun fake code\n",
        "one_test.rb": "require 'minitest/autorun'\nrequire_relative 'example'\nclass OneTest < Minitest::Test\n  def test_one\n    assert_equal 1, One.value\n  end\nend\n",
        "README.md": "# One\n\nThis is one.\n\n* one\n* one again\n\nSetup help.\n\n## Source\n\nThe internet. [view source](http://example.com)\n"
      }
    }
  ]
}