{
  "activity": {
    "most_recent": {
      "submission": "2013-12-28T00:00:00Z",
      "nitpick": "2013-12-26T00:00:00Z"
    },
    "exercises": {
      "active": 2,
      "hibernating": 1,
      "completed": 3
    },
    "total": {
      "nitpicks": 2,
      "submissions": 6,
      "languages": 3
    },
    "past7": {
      "nitpicks": 1,
      "submissions": 2,
      "languages": 2
    }
  }
}