{
	"ruby" => {"2013-12-01"=>2, "2013-12-31"=>1}
	"python" => {"2013-12-11"=>1}
}