{
  "activity": {
    "most_recent": {
      "submission": null,
      "nitpick": null
    },
    "exercises": {
      "active": 0,
      "hibernating": 0,
      "completed": 0
    },
    "total": {
      "nitpicks": 0,
      "submissions": 0,
      "languages": 0
    },
    "past7": {
      "nitpicks": 0,
      "submissions": 0,
      "languages": 0
    }
  }
}